../Core/Src/main.c:79:5:main	8	static
../Core/Src/main.c:145:6:SystemClock_Config	88	static
../Core/Src/main.c:192:13:MX_ADC1_Init	24	static
../Core/Src/main.c:253:13:MX_CAN1_Init	8	static
../Core/Src/main.c:290:13:MX_DAC_Init	16	static
../Core/Src/main.c:330:13:MX_TIM1_Init	32	static
../Core/Src/main.c:376:13:MX_TIM6_Init	16	static
../Core/Src/main.c:412:13:MX_DMA_Init	16	static
../Core/Src/main.c:430:13:MX_GPIO_Init	56	static
../Core/Src/main.c:578:6:Error_Handler	4	static,ignoring_inline_asm
