../Core/Src/TIM.c:33:10:TIM_ConvertValueLinearApprox	96	static
../Core/Src/TIM.c:55:6:TIM_ChangeThrottleMap	192	static
../Core/Src/TIM.c:100:10:TIM_Average	32	static
../Core/Src/TIM.c:115:10:TIM_DeInterleave	152	static
../Core/Src/TIM.c:132:6:TIM_OutputDAC	16	static
../Core/Src/TIM.c:144:6:TIM_Init	16	static
../Core/Src/TIM.c:154:6:TIM_ProcessData	8	static
../Core/Src/TIM.c:165:19:TIM_SignalPlausibility	16	static
../Core/Src/TIM.c:195:6:HAL_ADC_ConvHalfCpltCallback	16	static
../Core/Src/TIM.c:210:6:HAL_ADC_ConvCpltCallback	16	static
