Archive member included to satisfy reference by file (symbol)

C:/ST/STM32CubeIDE_1.14.0/STM32CubeIDE/plugins/com.st.stm32cube.ide.mcu.externaltools.gnu-tools-for-stm32.11.3.rel1.win32_1.1.100.202309141235/tools/bin/../lib/gcc/arm-none-eabi/11.3.1/../../../../arm-none-eabi/lib/thumb/v7e-m+fp/hard\libc_nano.a(libc_a-exit.o)
                              C:/ST/STM32CubeIDE_1.14.0/STM32CubeIDE/plugins/com.st.stm32cube.ide.mcu.externaltools.gnu-tools-for-stm32.11.3.rel1.win32_1.1.100.202309141235/tools/bin/../lib/gcc/arm-none-eabi/11.3.1/../../../../arm-none-eabi/lib/thumb/v7e-m+fp/hard/crt0.o (exit)
C:/ST/STM32CubeIDE_1.14.0/STM32CubeIDE/plugins/com.st.stm32cube.ide.mcu.externaltools.gnu-tools-for-stm32.11.3.rel1.win32_1.1.100.202309141235/tools/bin/../lib/gcc/arm-none-eabi/11.3.1/../../../../arm-none-eabi/lib/thumb/v7e-m+fp/hard\libc_nano.a(libc_a-findfp.o)
                              C:/ST/STM32CubeIDE_1.14.0/STM32CubeIDE/plugins/com.st.stm32cube.ide.mcu.externaltools.gnu-tools-for-stm32.11.3.rel1.win32_1.1.100.202309141235/tools/bin/../lib/gcc/arm-none-eabi/11.3.1/../../../../arm-none-eabi/lib/thumb/v7e-m+fp/hard\libc_nano.a(libc_a-exit.o) (__stdio_exit_handler)
C:/ST/STM32CubeIDE_1.14.0/STM32CubeIDE/plugins/com.st.stm32cube.ide.mcu.externaltools.gnu-tools-for-stm32.11.3.rel1.win32_1.1.100.202309141235/tools/bin/../lib/gcc/arm-none-eabi/11.3.1/../../../../arm-none-eabi/lib/thumb/v7e-m+fp/hard\libc_nano.a(libc_a-fwalk.o)
                              C:/ST/STM32CubeIDE_1.14.0/STM32CubeIDE/plugins/com.st.stm32cube.ide.mcu.externaltools.gnu-tools-for-stm32.11.3.rel1.win32_1.1.100.202309141235/tools/bin/../lib/gcc/arm-none-eabi/11.3.1/../../../../arm-none-eabi/lib/thumb/v7e-m+fp/hard\libc_nano.a(libc_a-findfp.o) (_fwalk_sglue)
C:/ST/STM32CubeIDE_1.14.0/STM32CubeIDE/plugins/com.st.stm32cube.ide.mcu.externaltools.gnu-tools-for-stm32.11.3.rel1.win32_1.1.100.202309141235/tools/bin/../lib/gcc/arm-none-eabi/11.3.1/../../../../arm-none-eabi/lib/thumb/v7e-m+fp/hard\libc_nano.a(libc_a-stdio.o)
                              C:/ST/STM32CubeIDE_1.14.0/STM32CubeIDE/plugins/com.st.stm32cube.ide.mcu.externaltools.gnu-tools-for-stm32.11.3.rel1.win32_1.1.100.202309141235/tools/bin/../lib/gcc/arm-none-eabi/11.3.1/../../../../arm-none-eabi/lib/thumb/v7e-m+fp/hard\libc_nano.a(libc_a-findfp.o) (__sread)
C:/ST/STM32CubeIDE_1.14.0/STM32CubeIDE/plugins/com.st.stm32cube.ide.mcu.externaltools.gnu-tools-for-stm32.11.3.rel1.win32_1.1.100.202309141235/tools/bin/../lib/gcc/arm-none-eabi/11.3.1/../../../../arm-none-eabi/lib/thumb/v7e-m+fp/hard\libc_nano.a(libc_a-memset.o)
                              C:/ST/STM32CubeIDE_1.14.0/STM32CubeIDE/plugins/com.st.stm32cube.ide.mcu.externaltools.gnu-tools-for-stm32.11.3.rel1.win32_1.1.100.202309141235/tools/bin/../lib/gcc/arm-none-eabi/11.3.1/../../../../arm-none-eabi/lib/thumb/v7e-m+fp/hard/crt0.o (memset)
C:/ST/STM32CubeIDE_1.14.0/STM32CubeIDE/plugins/com.st.stm32cube.ide.mcu.externaltools.gnu-tools-for-stm32.11.3.rel1.win32_1.1.100.202309141235/tools/bin/../lib/gcc/arm-none-eabi/11.3.1/../../../../arm-none-eabi/lib/thumb/v7e-m+fp/hard\libc_nano.a(libc_a-closer.o)
                              C:/ST/STM32CubeIDE_1.14.0/STM32CubeIDE/plugins/com.st.stm32cube.ide.mcu.externaltools.gnu-tools-for-stm32.11.3.rel1.win32_1.1.100.202309141235/tools/bin/../lib/gcc/arm-none-eabi/11.3.1/../../../../arm-none-eabi/lib/thumb/v7e-m+fp/hard\libc_nano.a(libc_a-stdio.o) (_close_r)
C:/ST/STM32CubeIDE_1.14.0/STM32CubeIDE/plugins/com.st.stm32cube.ide.mcu.externaltools.gnu-tools-for-stm32.11.3.rel1.win32_1.1.100.202309141235/tools/bin/../lib/gcc/arm-none-eabi/11.3.1/../../../../arm-none-eabi/lib/thumb/v7e-m+fp/hard\libc_nano.a(libc_a-reent.o)
                              C:/ST/STM32CubeIDE_1.14.0/STM32CubeIDE/plugins/com.st.stm32cube.ide.mcu.externaltools.gnu-tools-for-stm32.11.3.rel1.win32_1.1.100.202309141235/tools/bin/../lib/gcc/arm-none-eabi/11.3.1/../../../../arm-none-eabi/lib/thumb/v7e-m+fp/hard\libc_nano.a(libc_a-closer.o) (errno)
C:/ST/STM32CubeIDE_1.14.0/STM32CubeIDE/plugins/com.st.stm32cube.ide.mcu.externaltools.gnu-tools-for-stm32.11.3.rel1.win32_1.1.100.202309141235/tools/bin/../lib/gcc/arm-none-eabi/11.3.1/../../../../arm-none-eabi/lib/thumb/v7e-m+fp/hard\libc_nano.a(libc_a-impure.o)
                              C:/ST/STM32CubeIDE_1.14.0/STM32CubeIDE/plugins/com.st.stm32cube.ide.mcu.externaltools.gnu-tools-for-stm32.11.3.rel1.win32_1.1.100.202309141235/tools/bin/../lib/gcc/arm-none-eabi/11.3.1/../../../../arm-none-eabi/lib/thumb/v7e-m+fp/hard\libc_nano.a(libc_a-reent.o) (_impure_ptr)
C:/ST/STM32CubeIDE_1.14.0/STM32CubeIDE/plugins/com.st.stm32cube.ide.mcu.externaltools.gnu-tools-for-stm32.11.3.rel1.win32_1.1.100.202309141235/tools/bin/../lib/gcc/arm-none-eabi/11.3.1/../../../../arm-none-eabi/lib/thumb/v7e-m+fp/hard\libc_nano.a(libc_a-lseekr.o)
[...]
Memory Configuration

Name             Origin             Length             Attributes
CCMRAM           0x0000000010000000 0x0000000000010000 xrw
RAM              0x0000000020000000 0x0000000000020000 xrw
FLASH            0x0000000008000000 0x0000000000100000 xr
*default*        0x0000000000000000 0xffffffffffffffff

Linker script and memory map

LOAD C:/ST/STM32CubeIDE_1.14.0/STM32CubeIDE/plugins/com.st.stm32cube.ide.mcu.externaltools.gnu-tools-for-stm32.11.3.rel1.win32_1.1.100.202309141235/tools/bin/../lib/gcc/arm-none-eabi/11.3.1/thumb/v7e-m+fp/hard/crti.o
LOAD C:/ST/STM32CubeIDE_1.14.0/STM32CubeIDE/plugins/com.st.stm32cube.ide.mcu.externaltools.gnu-tools-for-stm32.11.3.rel1.win32_1.1.100.202309141235/tools/bin/../lib/gcc/arm-none-eabi/11.3.1/thumb/v7e-m+fp/hard/crtbegin.o
LOAD C:/ST/STM32CubeIDE_1.14.0/STM32CubeIDE/plugins/com.st.stm32cube.ide.mcu.externaltools.gnu-tools-for-stm32.11.3.rel1.win32_1.1.100.202309141235/tools/bin/../lib/gcc/arm-none-eabi/11.3.1/../../../../arm-none-eabi/lib/thumb/v7e-m+fp/hard/crt0.o
LOAD ./Core/Src/DRIVER_IO.o
LOAD ./Core/Src/PEDAL_PLAUSIBILITY.o
LOAD ./Core/Src/TIM.o
LOAD ./Core/Src/main.o
LOAD ./Core/Src/stm32f4xx_hal_msp.o
LOAD ./Core/Src/stm32f4xx_it.o
LOAD ./Core/Src/syscalls.o
LOAD ./Core/Src/sysmem.o
LOAD ./Core/Src/system_stm32f4xx.o
LOAD ./Core/Startup/startup_stm32f407vgtx.o
LOAD ./Drivers/STM32F4xx_HAL_Driver/Src/stm32f4xx_hal.o
LOAD ./Drivers/STM32F4xx_HAL_Driver/Src/stm32f4xx_hal_adc.o
LOAD ./Drivers/STM32F4xx_HAL_Driver/Src/stm32f4xx_hal_adc_ex.o
LOAD ./Drivers/STM32F4xx_HAL_Driver/Src/stm32f4xx_hal_can.o
LOAD ./Drivers/STM32F4xx_HAL_Driver/Src/stm32f4xx_hal_cortex.o
LOAD ./Drivers/STM32F4xx_HAL_Driver/Src/stm32f4xx_hal_dac.o
LOAD ./Drivers/STM32F4xx_HAL_Driver/Src/stm32f4xx_hal_dac_ex.o
LOAD ./Drivers/STM32F4xx_HAL_Driver/Src/stm32f4xx_hal_dma.o
LOAD ./Drivers/STM32F4xx_HAL_Driver/Src/stm32f4xx_hal_dma_ex.o
LOAD ./Drivers/STM32F4xx_HAL_Driver/Src/stm32f4xx_hal_exti.o
LOAD ./Drivers/STM32F4xx_HAL_Driver/Src/stm32f4xx_hal_flash.o
LOAD ./Drivers/STM32F4xx_HAL_Driver/Src/stm32f4xx_hal_flash_ex.o
LOAD ./Drivers/STM32F4xx_HAL_Driver/Src/stm32f4xx_hal_flash_ramfunc.o
LOAD ./Drivers/STM32F4xx_HAL_Driver/Src/stm32f4xx_hal_gpio.o
LOAD ./Drivers/STM32F4xx_HAL_Driver/Src/stm32f4xx_hal_pwr.o
LOAD ./Drivers/STM32F4xx_HAL_Driver/Src/stm32f4xx_hal_pwr_ex.o
LOAD ./Drivers/STM32F4xx_HAL_Driver/Src/stm32f4xx_hal_rcc.o
LOAD ./Drivers/STM32F4xx_HAL_Driver/Src/stm32f4xx_hal_rcc_ex.o
LOAD ./Drivers/STM32F4xx_HAL_Driver/Src/stm32f4xx_hal_tim.o
LOAD ./Drivers/STM32F4xx_HAL_Driver/Src/stm32f4xx_hal_tim_ex.o
LOAD ./Drivers/STM32F4xx_HAL_Driver/Src/stm32f4xx_ll_adc.o
START GROUP
LOAD C:/ST/STM32CubeIDE_1.14.0/STM32CubeIDE/plugins/com.st.stm32cube.ide.mcu.externaltools.gnu-tools-for-stm32.11.3.rel1.win32_1.1.100.202309141235/tools/bin/../lib/gcc/arm-none-eabi/11.3.1/../../../../arm-none-eabi/lib/thumb/v7e-m+fp/hard\libc_nano.a
LOAD C:/ST/STM32CubeIDE_1.14.0/STM32CubeIDE/plugins/com.st.stm32cube.ide.mcu.externaltools.gnu-tools-for-stm32.11.3.rel1.win32_1.1.100.202309141235/tools/bin/../lib/gcc/arm-none-eabi/11.3.1/../../../../arm-none-eabi/lib/thumb/v7e-m+fp/hard\libm.a
END GROUP
START GROUP
LOAD C:/ST/STM32CubeIDE_1.14.0/STM32CubeIDE/plugins/com.st.stm32cube.ide.mcu.externaltools.gnu-tools-for-stm32.11.3.rel1.win32_1.1.100.202309141235/tools/bin/../lib/gcc/arm-none-eabi/11.3.1/thumb/v7e-m+fp/hard\libgcc.a
LOAD C:/ST/STM32CubeIDE_1.14.0/STM32CubeIDE/plugins/com.st.stm32cube.ide.mcu.externaltools.gnu-tools-for-stm32.11.3.rel1.win32_1.1.100.202309141235/tools/bin/../lib/gcc/arm-none-eabi/11.3.1/../../../../arm-none-eabi/lib/thumb/v7e-m+fp/hard\libc_nano.a
END GROUP
START GROUP
LOAD C:/ST/STM32CubeIDE_1.14.0/STM32CubeIDE/plugins/com.st.stm32cube.ide.mcu.externaltools.gnu-tools-for-stm32.11.3.rel1.win32_1.1.100.202309141235/tools/bin/../lib/gcc/arm-none-eabi/11.3.1/thumb/v7e-m+fp/hard\libgcc.a
LOAD C:/ST/STM32CubeIDE_1.14.0/STM32CubeIDE/plugins/com.st.stm32cube.ide.mcu.externaltools.gnu-tools-for-stm32.11.3.rel1.win32_1.1.100.202309141235/tools/bin/../lib/gcc/arm-none-eabi/11.3.1/../../../../arm-none-eabi/lib/thumb/v7e-m+fp/hard\libc_nano.a
LOAD C:/ST/STM32CubeIDE_1.14.0/STM32CubeIDE/plugins/com.st.stm32cube.ide.mcu.externaltools.gnu-tools-for-stm32.11.3.rel1.win32_1.1.100.202309141235/tools/bin/../lib/gcc/arm-none-eabi/11.3.1/../../../../arm-none-eabi/lib/thumb/v7e-m+fp/hard\libnosys.a
END GROUP
START GROUP
LOAD C:/ST/STM32CubeIDE_1.14.0/STM32CubeIDE/plugins/com.st.stm32cube.ide.mcu.externaltools.gnu-tools-for-stm32.11.3.rel1.win32_1.1.100.202309141235/tools/bin/../lib/gcc/arm-none-eabi/11.3.1/thumb/v7e-m+fp/hard\libgcc.a
LOAD C:/ST/STM32CubeIDE_1.14.0/STM32CubeIDE/plugins/com.st.stm32cube.ide.mcu.externaltools.gnu-tools-for-stm32.11.3.rel1.win32_1.1.100.202309141235/tools/bin/../lib/gcc/arm-none-eabi/11.3.1/../../../../arm-none-eabi/lib/thumb/v7e-m+fp/hard\libc_nano.a
LOAD C:/ST/STM32CubeIDE_1.14.0/STM32CubeIDE/plugins/com.st.stm32cube.ide.mcu.externaltools.gnu-tools-for-stm32.11.3.rel1.win32_1.1.100.202309141235/tools/bin/../lib/gcc/arm-none-eabi/11.3.1/../../../../arm-none-eabi/lib/thumb/v7e-m+fp/hard\libnosys.a
END GROUP
LOAD C:/ST/STM32CubeIDE_1.14.0/STM32CubeIDE/plugins/com.st.stm32cube.ide.mcu.externaltools.gnu-tools-for-stm32.11.3.rel1.win32_1.1.100.202309141235/tools/bin/../lib/gcc/arm-none-eabi/11.3.1/thumb/v7e-m+fp/hard/crtend.o
LOAD C:/ST/STM32CubeIDE_1.14.0/STM32CubeIDE/plugins/com.st.stm32cube.ide.mcu.externaltools.gnu-tools-for-stm32.11.3.rel1.win32_1.1.100.202309141235/tools/bin/../lib/gcc/arm-none-eabi/11.3.1/thumb/v7e-m+fp/hard/crtn.o
                0x0000000020020000                _estack = (ORIGIN (RAM) + LENGTH (RAM))
                0x0000000000000200                _Min_Heap_Size = 0x200
                0x0000000000000400                _Min_Stack_Size = 0x400

.isr_vector     0x0000000008000000      0x188
                0x0000000008000000                . = ALIGN (0x4)
 *(.isr_vector)
 .isr_vector    0x0000000008000000      0x188 ./Core/Startup/startup_stm32f407vgtx.o
                0x0000000008000000                g_pfnVectors
                0x0000000008000188                . = ALIGN (0x4)

.text           0x0000000008000188     0x3b48
                0x0000000008000188                . = ALIGN (0x4)
 *(.text)
 .text          0x0000000008000188       0x40 C:/ST/STM32CubeIDE_1.14.0/STM32CubeIDE/plugins/com.st.stm32cube.ide.mcu.externaltools.gnu-tools-for-stm32.11.3.rel1.win32_1.1.100.202309141235/tools/bin/../lib/gcc/arm-none-eabi/11.3.1/thumb/v7e-m+fp/hard/crtbegin.o
 .text          0x00000000080001c8       0x30 C:/ST/STM32CubeIDE_1.14.0/STM32CubeIDE/plugins/com.st.stm32cube.ide.mcu.externaltools.gnu-tools-for-stm32.11.3.rel1.win32_1.1.100.202309141235/tools/bin/../lib/gcc/arm-none-eabi/11.3.1/thumb/v7e-m+fp/hard\libgcc.a(_aeabi_uldivmod.o)
                0x00000000080001c8                __aeabi_uldivmod
 .text          0x00000000080001f8      0x2c8 C:/ST/STM32CubeIDE_1.14.0/STM32CubeIDE/plugins/com.st.stm32cube.ide.mcu.externaltools.gnu-tools-for-stm32.11.3.rel1.win32_1.1.100.202309141235/tools/bin/../lib/gcc/arm-none-eabi/11.3.1/thumb/v7e-m+fp/hard\libgcc.a(_udivmoddi4.o)
                0x00000000080001f8                __udivmoddi4
 .text          0x00000000080004c0        0x4 C:/ST/STM32CubeIDE_1.14.0/STM32CubeIDE/plugins/com.st.stm32cube.ide.mcu.externaltools.gnu-tools-for-stm32.11.3.rel1.win32_1.1.100.202309141235/tools/bin/../lib/gcc/arm-none-eabi/11.3.1/thumb/v7e-m+fp/hard\libgcc.a(_dvmd_tls.o)
                0x00000000080004c0                __aeabi_idiv0
                0x00000000080004c0                __aeabi_ldiv0
 *(.text*)
 .text.HAL_GPIO_EXTI_Callback
                0x00000000080004c4       0x2c ./Core/Src/DRIVER_IO.o
                0x00000000080004c4                HAL_GPIO_EXTI_Callback
 .text.PDP_PedealAgreement
                0x00000000080004f0       0x78 ./Core/Src/PEDAL_PLAUSIBILITY.o
                0x00000000080004f0                PDP_PedealAgreement
 .text.PDP_AppsAgreement
                0x0000000008000568       0x88 ./Core/Src/PEDAL_PLAUSIBILITY.o
                0x0000000008000568                PDP_AppsAgreement
 .text.TIM_ConvertValueLinearApprox
                0x00000000080005f0       0xe4 ./Core/Src/TIM.o
                0x00000000080005f0                TIM_ConvertValueLinearApprox
 .text.TIM_Average
                0x00000000080006d4       0x5a ./Core/Src/TIM.o
                0x00000000080006d4                TIM_Average
 .text.TIM_DeInterleave
                0x000000000800072e       0xee ./Core/Src/TIM.o
                0x000000000800072e                TIM_DeInterleave
 .text.TIM_OutputDAC
                0x000000000800081c       0x24 ./Core/Src/TIM.o
                0x000000000800081c                TIM_OutputDAC
 .text.TIM_Init
                0x0000000008000840       0x20 ./Core/Src/TIM.o
                0x0000000008000840                TIM_Init
 .text.TIM_ProcessData
                0x0000000008000860       0xe4 ./Core/Src/TIM.o
                0x0000000008000860                TIM_ProcessData
 .text.HAL_ADC_ConvHalfCpltCallback
                0x0000000008000944       0x3c ./Core/Src/TIM.o
                0x0000000008000944                HAL_ADC_ConvHalfCpltCallback
 .text.HAL_ADC_ConvCpltCallback
                0x0000000008000980       0x3c ./Core/Src/TIM.o
                0x0000000008000980                HAL_ADC_ConvCpltCallback
 .text.main     0x00000000080009bc       0x98 ./Core/Src/main.o
                0x00000000080009bc                main
 .text.SystemClock_Config
                0x0000000008000a54       0xd4 ./Core/Src/main.o
                0x0000000008000a54                SystemClock_Config
 .text.MX_ADC1_Init
                0x0000000008000b28       0xc0 ./Core/Src/main.o
 .text.MX_CAN1_Init
                0x0000000008000be8       0x6c ./Core/Src/main.o
 .text.MX_DAC_Init
                0x0000000008000c54       0x54 ./Core/Src/main.o
 .text.MX_TIM1_Init
                0x0000000008000ca8       0xa0 ./Core/Src/main.o
 .text.MX_TIM6_Init
                0x0000000008000d48       0x6c ./Core/Src/main.o
 .text.MX_DMA_Init
                0x0000000008000db4       0x40 ./Core/Src/main.o
 .text.MX_GPIO_Init
                0x0000000008000df4      0x2cc ./Core/Src/main.o
 .text.Error_Handler
                0x00000000080010c0        0xa ./Core/Src/main.o
                0x00000000080010c0                Error_Handler
 *fill*         0x00000000080010ca        0x2 
 .text.HAL_MspInit
                0x00000000080010cc       0x50 ./Core/Src/stm32f4xx_hal_msp.o
                0x00000000080010cc                HAL_MspInit
 .text.HAL_ADC_MspInit
                0x000000000800111c       0xf0 ./Core/Src/stm32f4xx_hal_msp.o
                0x000000000800111c                HAL_ADC_MspInit
 .text.HAL_CAN_MspInit
                0x000000000800120c       0x90 ./Core/Src/stm32f4xx_hal_msp.o
                0x000000000800120c                HAL_CAN_MspInit
 .text.HAL_DAC_MspInit
                0x000000000800129c       0x88 ./Core/Src/stm32f4xx_hal_msp.o
                0x000000000800129c                HAL_DAC_MspInit
 .text.HAL_TIM_Base_MspInit
                0x0000000008001324       0x70 ./Core/Src/stm32f4xx_hal_msp.o
                0x0000000008001324                HAL_TIM_Base_MspInit
 .text.NMI_Handler
                0x0000000008001394        0x6 ./Core/Src/stm32f4xx_it.o
                0x0000000008001394                NMI_Handler
 .text.HardFault_Handler
                0x000000000800139a        0x6 ./Core/Src/stm32f4xx_it.o
                0x000000000800139a                HardFault_Handler
 .text.MemManage_Handler
                0x00000000080013a0        0x6 ./Core/Src/stm32f4xx_it.o
                0x00000000080013a0                MemManage_Handler
 .text.BusFault_Handler
                0x00000000080013a6        0x6 ./Core/Src/stm32f4xx_it.o
                0x00000000080013a6                BusFault_Handler
 .text.UsageFault_Handler
                0x00000000080013ac        0x6 ./Core/Src/stm32f4xx_it.o
                0x00000000080013ac                UsageFault_Handler
 .text.SVC_Handler
                0x00000000080013b2        0xe ./Core/Src/stm32f4xx_it.o
                0x00000000080013b2                SVC_Handler
 .text.DebugMon_Handler
                0x00000000080013c0        0xe ./Core/Src/stm32f4xx_it.o
                0x00000000080013c0                DebugMon_Handler
 .text.PendSV_Handler
                0x00000000080013ce        0xe ./Core/Src/stm32f4xx_it.o
                0x00000000080013ce                PendSV_Handler
 .text.SysTick_Handler
                0x00000000080013dc        0xc ./Core/Src/stm32f4xx_it.o
                0x00000000080013dc                SysTick_Handler
 .text.EXTI0_IRQHandler
                0x00000000080013e8        0xe ./Core/Src/stm32f4xx_it.o
                0x00000000080013e8                EXTI0_IRQHandler
 *fill*         0x00000000080013f6        0x2 
 .text.DMA2_Stream0_IRQHandler
                0x00000000080013f8       0x14 ./Core/Src/stm32f4xx_it.o
                0x00000000080013f8                DMA2_Stream0_IRQHandler
 .text.SystemInit
                0x000000000800140c       0x24 ./Core/Src/system_stm32f4xx.o
                0x000000000800140c                SystemInit
 .text.Reset_Handler
                0x0000000008001430       0x50 ./Core/Startup/startup_stm32f407vgtx.o
                0x0000000008001430                Reset_Handler
 .text.Default_Handler
                0x0000000008001480        0x2 ./Core/Startup/startup_stm32f407vgtx.o
                0x0000000008001480                RTC_Alarm_IRQHandler
                0x0000000008001480                HASH_RNG_IRQHandler
                0x0000000008001480                EXTI2_IRQHandler
                0x0000000008001480                TIM8_CC_IRQHandler
                0x0000000008001480                TIM1_CC_IRQHandler
                0x0000000008001480                DMA2_Stream5_IRQHandler
                0x0000000008001480                DMA1_Stream5_IRQHandler
                0x0000000008001480                PVD_IRQHandler
                0x0000000008001480                SDIO_IRQHandler
                0x0000000008001480                TAMP_STAMP_IRQHandler
                0x0000000008001480                CAN2_RX1_IRQHandler
                0x0000000008001480                EXTI3_IRQHandler
                0x0000000008001480                TIM8_TRG_COM_TIM14_IRQHandler
                0x0000000008001480                TIM1_UP_TIM10_IRQHandler
                0x0000000008001480                TIM8_UP_TIM13_IRQHandler
                0x0000000008001480                I2C3_ER_IRQHandler
                0x0000000008001480                I2C2_EV_IRQHandler
                0x0000000008001480                DMA1_Stream2_IRQHandler
                0x0000000008001480                CAN1_RX0_IRQHandler
                0x0000000008001480                FPU_IRQHandler
                0x0000000008001480                OTG_HS_WKUP_IRQHandler
                0x0000000008001480                CAN2_SCE_IRQHandler
                0x0000000008001480                DMA2_Stream2_IRQHandler
                0x0000000008001480                SPI1_IRQHandler
                0x0000000008001480                TIM6_DAC_IRQHandler
                0x0000000008001480                TIM1_BRK_TIM9_IRQHandler
                0x0000000008001480                DCMI_IRQHandler
                0x0000000008001480                CAN2_RX0_IRQHandler
                0x0000000008001480                DMA2_Stream3_IRQHandler
                0x0000000008001480                USART6_IRQHandler
                0x0000000008001480                USART3_IRQHandler
                0x0000000008001480                CAN1_RX1_IRQHandler
                0x0000000008001480                UART5_IRQHandler
                0x0000000008001480                TIM4_IRQHandler
                0x0000000008001480                I2C1_EV_IRQHandler
                0x0000000008001480                DMA1_Stream6_IRQHandler
                0x0000000008001480                DMA1_Stream1_IRQHandler
                0x0000000008001480                UART4_IRQHandler
                0x0000000008001480                TIM3_IRQHandler
                0x0000000008001480                RCC_IRQHandler
                0x0000000008001480                TIM8_BRK_TIM12_IRQHandler
                0x0000000008001480                Default_Handler
                0x0000000008001480                EXTI15_10_IRQHandler
                0x0000000008001480                ADC_IRQHandler
                0x0000000008001480                DMA1_Stream7_IRQHandler
                0x0000000008001480                TIM7_IRQHandler
                0x0000000008001480                CAN2_TX_IRQHandler
                0x0000000008001480                TIM5_IRQHandler
                0x0000000008001480                DMA2_Stream7_IRQHandler
                0x0000000008001480                I2C3_EV_IRQHandler
                0x0000000008001480                EXTI9_5_IRQHandler
                0x0000000008001480                RTC_WKUP_IRQHandler
                0x0000000008001480                ETH_WKUP_IRQHandler
                0x0000000008001480                SPI2_IRQHandler
                0x0000000008001480                OTG_HS_EP1_IN_IRQHandler
                0x0000000008001480                DMA1_Stream0_IRQHandler
                0x0000000008001480                CAN1_TX_IRQHandler
                0x0000000008001480                EXTI4_IRQHandler
                0x0000000008001480                FSMC_IRQHandler
                0x0000000008001480                ETH_IRQHandler
                0x0000000008001480                OTG_HS_EP1_OUT_IRQHandler
                0x0000000008001480                WWDG_IRQHandler
                0x0000000008001480                TIM2_IRQHandler
                0x0000000008001480                OTG_FS_WKUP_IRQHandler
                0x0000000008001480                TIM1_TRG_COM_TIM11_IRQHandler
                0x0000000008001480                OTG_HS_IRQHandler
                0x0000000008001480                EXTI1_IRQHandler
                0x0000000008001480                USART2_IRQHandler
                0x0000000008001480                I2C2_ER_IRQHandler
                0x0000000008001480                DMA2_Stream1_IRQHandler
                0x0000000008001480                CAN1_SCE_IRQHandler
                0x0000000008001480                FLASH_IRQHandler
                0x0000000008001480                DMA2_Stream4_IRQHandler
                0x0000000008001480                USART1_IRQHandler
                0x0000000008001480                OTG_FS_IRQHandler
                0x0000000008001480                SPI3_IRQHandler
                0x0000000008001480                DMA1_Stream4_IRQHandler
                0x0000000008001480                I2C1_ER_IRQHandler
                0x0000000008001480                DMA2_Stream6_IRQHandler
                0x0000000008001480                DMA1_Stream3_IRQHandler
 *fill*         0x0000000008001482        0x2 
 .text.HAL_Init
                0x0000000008001484       0x44 ./Drivers/STM32F4xx_HAL_Driver/Src/stm32f4xx_hal.o
                0x0000000008001484                HAL_Init
 .text.HAL_InitTick
                0x00000000080014c8       0x60 ./Drivers/STM32F4xx_HAL_Driver/Src/stm32f4xx_hal.o
                0x00000000080014c8                HAL_InitTick
 .text.HAL_IncTick
                0x0000000008001528       0x28 ./Drivers/STM32F4xx_HAL_Driver/Src/stm32f4xx_hal.o
                0x0000000008001528                HAL_IncTick
 .text.HAL_GetTick
                0x0000000008001550       0x18 ./Drivers/STM32F4xx_HAL_Driver/Src/stm32f4xx_hal.o
                0x0000000008001550                HAL_GetTick
 .text.HAL_ADC_Init
                0x0000000008001568       0x86 ./Drivers/STM32F4xx_HAL_Driver/Src/stm32f4xx_hal_adc.o
                0x0000000008001568                HAL_ADC_Init
 *fill*         0x00000000080015ee        0x2 
 .text.HAL_ADC_Start_DMA
                0x00000000080015f0      0x220 ./Drivers/STM32F4xx_HAL_Driver/Src/stm32f4xx_hal_adc.o
                0x00000000080015f0                HAL_ADC_Start_DMA
 .text.HAL_ADC_ErrorCallback
                0x0000000008001810       0x14 ./Drivers/STM32F4xx_HAL_Driver/Src/stm32f4xx_hal_adc.o
                0x0000000008001810                HAL_ADC_ErrorCallback
 .text.HAL_ADC_ConfigChannel
                0x0000000008001824      0x244 ./Drivers/STM32F4xx_HAL_Driver/Src/stm32f4xx_hal_adc.o
                0x0000000008001824                HAL_ADC_ConfigChannel
 .text.ADC_Init
                0x0000000008001a68      0x1f8 ./Drivers/STM32F4xx_HAL_Driver/Src/stm32f4xx_hal_adc.o
 .text.ADC_DMAConvCplt
                0x0000000008001c60       0xba ./Drivers/STM32F4xx_HAL_Driver/Src/stm32f4xx_hal_adc.o
 .text.ADC_DMAHalfConvCplt
                0x0000000008001d1a       0x1c ./Drivers/STM32F4xx_HAL_Driver/Src/stm32f4xx_hal_adc.o
 .text.ADC_DMAError
                0x0000000008001d36       0x2e ./Drivers/STM32F4xx_HAL_Driver/Src/stm32f4xx_hal_adc.o
 .text.HAL_CAN_Init
                0x0000000008001d64      0x1f6 ./Drivers/STM32F4xx_HAL_Driver/Src/stm32f4xx_hal_can.o
                0x0000000008001d64                HAL_CAN_Init
 *fill*         0x0000000008001f5a        0x2 
 .text.__NVIC_SetPriorityGrouping
                0x0000000008001f5c       0x48 ./Drivers/STM32F4xx_HAL_Driver/Src/stm32f4xx_hal_cortex.o
 .text.__NVIC_GetPriorityGrouping
                0x0000000008001fa4       0x1c ./Drivers/STM32F4xx_HAL_Driver/Src/stm32f4xx_hal_cortex.o
 .text.__NVIC_EnableIRQ
                0x0000000008001fc0       0x3c ./Drivers/STM32F4xx_HAL_Driver/Src/stm32f4xx_hal_cortex.o
 .text.__NVIC_SetPriority
                0x0000000008001ffc       0x54 ./Drivers/STM32F4xx_HAL_Driver/Src/stm32f4xx_hal_cortex.o
 .text.NVIC_EncodePriority
                0x0000000008002050       0x66 ./Drivers/STM32F4xx_HAL_Driver/Src/stm32f4xx_hal_cortex.o
 *fill*         0x00000000080020b6        0x2 
 .text.SysTick_Config
                0x00000000080020b8       0x44 ./Drivers/STM32F4xx_HAL_Driver/Src/stm32f4xx_hal_cortex.o
 .text.HAL_NVIC_SetPriorityGrouping
                0x00000000080020fc       0x16 ./Drivers/STM32F4xx_HAL_Driver/Src/stm32f4xx_hal_cortex.o
                0x00000000080020fc                HAL_NVIC_SetPriorityGrouping
 .text.HAL_NVIC_SetPriority
                0x0000000008002112       0x38 ./Drivers/STM32F4xx_HAL_Driver/Src/stm32f4xx_hal_cortex.o
                0x0000000008002112                HAL_NVIC_SetPriority
 .text.HAL_NVIC_EnableIRQ
                0x000000000800214a       0x1c ./Drivers/STM32F4xx_HAL_Driver/Src/stm32f4xx_hal_cortex.o
                0x000000000800214a                HAL_NVIC_EnableIRQ
 .text.HAL_SYSTICK_Config
                0x0000000008002166       0x18 ./Drivers/STM32F4xx_HAL_Driver/Src/stm32f4xx_hal_cortex.o
                0x0000000008002166                HAL_SYSTICK_Config
 .text.HAL_DAC_Init
                0x000000000800217e       0x44 ./Drivers/STM32F4xx_HAL_Driver/Src/stm32f4xx_hal_dac.o
                0x000000000800217e                HAL_DAC_Init
 .text.HAL_DAC_Start
                0x00000000080021c2       0xa4 ./Drivers/STM32F4xx_HAL_Driver/Src/stm32f4xx_hal_dac.o
                0x00000000080021c2                HAL_DAC_Start
 .text.HAL_DAC_SetValue
                0x0000000008002266       0x4a ./Drivers/STM32F4xx_HAL_Driver/Src/stm32f4xx_hal_dac.o
                0x0000000008002266                HAL_DAC_SetValue
 .text.HAL_DAC_ConfigChannel
                0x00000000080022b0       0x9e ./Drivers/STM32F4xx_HAL_Driver/Src/stm32f4xx_hal_dac.o
                0x00000000080022b0                HAL_DAC_ConfigChannel
 *fill*         0x000000000800234e        0x2 
 .text.HAL_DMA_Init
                0x0000000008002350      0x15c ./Drivers/STM32F4xx_HAL_Driver/Src/stm32f4xx_hal_dma.o
                0x0000000008002350                HAL_DMA_Init
 .text.HAL_DMA_Start_IT
                0x00000000080024ac       0xb0 ./Drivers/STM32F4xx_HAL_Driver/Src/stm32f4xx_hal_dma.o
                0x00000000080024ac                HAL_DMA_Start_IT
 .text.HAL_DMA_IRQHandler
                0x000000000800255c      0x314 ./Drivers/STM32F4xx_HAL_Driver/Src/stm32f4xx_hal_dma.o
                0x000000000800255c                HAL_DMA_IRQHandler
 .text.DMA_SetConfig
                0x0000000008002870       0x5c ./Drivers/STM32F4xx_HAL_Driver/Src/stm32f4xx_hal_dma.o
 .text.DMA_CalcBaseAndBitshift
                0x00000000080028cc       0x6c ./Drivers/STM32F4xx_HAL_Driver/Src/stm32f4xx_hal_dma.o
 .text.DMA_CheckFifoParam
                0x0000000008002938       0xf8 ./Drivers/STM32F4xx_HAL_Driver/Src/stm32f4xx_hal_dma.o
 .text.HAL_GPIO_Init
                0x0000000008002a30      0x338 ./Drivers/STM32F4xx_HAL_Driver/Src/stm32f4xx_hal_gpio.o
                0x0000000008002a30                HAL_GPIO_Init
 .text.HAL_GPIO_WritePin
                0x0000000008002d68       0x32 ./Drivers/STM32F4xx_HAL_Driver/Src/stm32f4xx_hal_gpio.o
                0x0000000008002d68                HAL_GPIO_WritePin
 .text.HAL_GPIO_TogglePin
                0x0000000008002d9a       0x34 ./Drivers/STM32F4xx_HAL_Driver/Src/stm32f4xx_hal_gpio.o
                0x0000000008002d9a                HAL_GPIO_TogglePin
 *fill*         0x0000000008002dce        0x2 
 .text.HAL_GPIO_EXTI_IRQHandler
                0x0000000008002dd0       0x30 ./Drivers/STM32F4xx_HAL_Driver/Src/stm32f4xx_hal_gpio.o
                0x0000000008002dd0                HAL_GPIO_EXTI_IRQHandler
 .text.HAL_RCC_OscConfig
                0x0000000008002e00      0x4f0 ./Drivers/STM32F4xx_HAL_Driver/Src/stm32f4xx_hal_rcc.o
                0x0000000008002e00                HAL_RCC_OscConfig
 .text.HAL_RCC_ClockConfig
                0x00000000080032f0      0x1cc ./Drivers/STM32F4xx_HAL_Driver/Src/stm32f4xx_hal_rcc.o
                0x00000000080032f0                HAL_RCC_ClockConfig
 .text.HAL_RCC_GetSysClockFreq
                0x00000000080034bc      0x20c ./Drivers/STM32F4xx_HAL_Driver/Src/stm32f4xx_hal_rcc.o
                0x00000000080034bc                HAL_RCC_GetSysClockFreq
 .text.HAL_TIM_Base_Init
                0x00000000080036c8       0x9e ./Drivers/STM32F4xx_HAL_Driver/Src/stm32f4xx_hal_tim.o
                0x00000000080036c8                HAL_TIM_Base_Init
 .text.HAL_TIM_ConfigClockSource
                0x0000000008003766      0x18e ./Drivers/STM32F4xx_HAL_Driver/Src/stm32f4xx_hal_tim.o
                0x0000000008003766                HAL_TIM_ConfigClockSource
 .text.TIM_Base_SetConfig
                0x00000000080038f4      0x140 ./Drivers/STM32F4xx_HAL_Driver/Src/stm32f4xx_hal_tim.o
                0x00000000080038f4                TIM_Base_SetConfig
 .text.TIM_TI1_ConfigInputStage
                0x0000000008003a34       0x5e ./Drivers/STM32F4xx_HAL_Driver/Src/stm32f4xx_hal_tim.o
 .text.TIM_TI2_ConfigInputStage
                0x0000000008003a92       0x60 ./Drivers/STM32F4xx_HAL_Driver/Src/stm32f4xx_hal_tim.o
 .text.TIM_ITRx_SetConfig
                0x0000000008003af2       0x36 ./Drivers/STM32F4xx_HAL_Driver/Src/stm32f4xx_hal_tim.o
 .text.TIM_ETR_SetConfig
                0x0000000008003b28       0x40 ./Drivers/STM32F4xx_HAL_Driver/Src/stm32f4xx_hal_tim.o
                0x0000000008003b28                TIM_ETR_SetConfig
 .text.HAL_TIMEx_MasterConfigSynchronization
                0x0000000008003b68       0xf8 ./Drivers/STM32F4xx_HAL_Driver/Src/stm32f4xx_hal_tim_ex.o
                0x0000000008003b68                HAL_TIMEx_MasterConfigSynchronization
 .text.memset   0x0000000008003c60       0x10 C:/ST/STM32CubeIDE_1.14.0/STM32CubeIDE/plugins/com.st.stm32cube.ide.mcu.externaltools.gnu-tools-for-stm32.11.3.rel1.win32_1.1.100.202309141235/tools/bin/../lib/gcc/arm-none-eabi/11.3.1/../../../../arm-none-eabi/lib/thumb/v7e-m+fp/hard\libc_nano.a(libc_a-memset.o)
                0x0000000008003c60                memset
 .text.__libc_init_array
                0x0000000008003c70       0x48 C:/ST/STM32CubeIDE_1.14.0/STM32CubeIDE/plugins/com.st.stm32cube.ide.mcu.externaltools.gnu-tools-for-stm32.11.3.rel1.win32_1.1.100.202309141235/tools/bin/../lib/gcc/arm-none-eabi/11.3.1/../../../../arm-none-eabi/lib/thumb/v7e-m+fp/hard\libc_nano.a(libc_a-init.o)
                0x0000000008003c70                __libc_init_array
 *(.glue_7)
 .glue_7        0x0000000008003cb8        0x0 linker stubs
 *(.glue_7t)
 .glue_7t       0x0000000008003cb8        0x0 linker stubs
 *(.eh_frame)
 .eh_frame      0x0000000008003cb8        0x0 C:/ST/STM32CubeIDE_1.14.0/STM32CubeIDE/plugins/com.st.stm32cube.ide.mcu.externaltools.gnu-tools-for-stm32.11.3.rel1.win32_1.1.100.202309141235/tools/bin/../lib/gcc/arm-none-eabi/11.3.1/thumb/v7e-m+fp/hard/crtbegin.o
 *(.init)
 .init          0x0000000008003cb8        0x4 C:/ST/STM32CubeIDE_1.14.0/STM32CubeIDE/plugins/com.st.stm32cube.ide.mcu.externaltools.gnu-tools-for-stm32.11.3.rel1.win32_1.1.100.202309141235/tools/bin/../lib/gcc/arm-none-eabi/11.3.1/thumb/v7e-m+fp/hard/crti.o
                0x0000000008003cb8                _init
 .init          0x0000000008003cbc        0x8 C:/ST/STM32CubeIDE_1.14.0/STM32CubeIDE/plugins/com.st.stm32cube.ide.mcu.externaltools.gnu-tools-for-stm32.11.3.rel1.win32_1.1.100.202309141235/tools/bin/../lib/gcc/arm-none-eabi/11.3.1/thumb/v7e-m+fp/hard/crtn.o
 *(.fini)
 .fini          0x0000000008003cc4        0x4 C:/ST/STM32CubeIDE_1.14.0/STM32CubeIDE/plugins/com.st.stm32cube.ide.mcu.externaltools.gnu-tools-for-stm32.11.3.rel1.win32_1.1.100.202309141235/tools/bin/../lib/gcc/arm-none-eabi/11.3.1/thumb/v7e-m+fp/hard/crti.o
                0x0000000008003cc4                _fini
 .fini          0x0000000008003cc8        0x8 C:/ST/STM32CubeIDE_1.14.0/STM32CubeIDE/plugins/com.st.stm32cube.ide.mcu.externaltools.gnu-tools-for-stm32.11.3.rel1.win32_1.1.100.202309141235/tools/bin/../lib/gcc/arm-none-eabi/11.3.1/thumb/v7e-m+fp/hard/crtn.o
                0x0000000008003cd0                . = ALIGN (0x4)
                0x0000000008003cd0                _etext = .

.vfp11_veneer   0x0000000008003cd0        0x0
 .vfp11_veneer  0x0000000008003cd0        0x0 linker stubs

.v4_bx          0x0000000008003cd0        0x0
 .v4_bx         0x0000000008003cd0        0x0 linker stubs

.iplt           0x0000000008003cd0        0x0
 .iplt          0x0000000008003cd0        0x0 C:/ST/STM32CubeIDE_1.14.0/STM32CubeIDE/plugins/com.st.stm32cube.ide.mcu.externaltools.gnu-tools-for-stm32.11.3.rel1.win32_1.1.100.202309141235/tools/bin/../lib/gcc/arm-none-eabi/11.3.1/thumb/v7e-m+fp/hard/crtbegin.o

.rodata         0x0000000008003cd0       0x18
                0x0000000008003cd0                . = ALIGN (0x4)
 *(.rodata)
 *(.rodata*)
 .rodata.AHBPrescTable
                0x0000000008003cd0       0x10 ./Core/Src/system_stm32f4xx.o
                0x0000000008003cd0                AHBPrescTable
 .rodata.flagBitshiftOffset.0
                0x0000000008003ce0        0x8 ./Drivers/STM32F4xx_HAL_Driver/Src/stm32f4xx_hal_dma.o
                0x0000000008003ce8                . = ALIGN (0x4)

.ARM.extab      0x0000000008003ce8        0x0
                0x0000000008003ce8                . = ALIGN (0x4)
 *(.ARM.extab* .gnu.linkonce.armextab.*)
                0x0000000008003ce8                . = ALIGN (0x4)

.ARM            0x0000000008003ce8        0x8
                0x0000000008003ce8                . = ALIGN (0x4)
                0x0000000008003ce8                __exidx_start = .
 *(.ARM.exidx*)
 .ARM.exidx     0x0000000008003ce8        0x8 C:/ST/STM32CubeIDE_1.14.0/STM32CubeIDE/plugins/com.st.stm32cube.ide.mcu.externaltools.gnu-tools-for-stm32.11.3.rel1.win32_1.1.100.202309141235/tools/bin/../lib/gcc/arm-none-eabi/11.3.1/thumb/v7e-m+fp/hard\libgcc.a(_udivmoddi4.o)
                0x0000000008003cf0                __exidx_end = .
                0x0000000008003cf0                . = ALIGN (0x4)

.rel.dyn        0x0000000008003cf0        0x0
 .rel.iplt      0x0000000008003cf0        0x0 C:/ST/STM32CubeIDE_1.14.0/STM32CubeIDE/plugins/com.st.stm32cube.ide.mcu.externaltools.gnu-tools-for-stm32.11.3.rel1.win32_1.1.100.202309141235/tools/bin/../lib/gcc/arm-none-eabi/11.3.1/thumb/v7e-m+fp/hard/crtbegin.o

.preinit_array  0x0000000008003cf0        0x0
                0x0000000008003cf0                . = ALIGN (0x4)
                0x0000000008003cf0                PROVIDE (__preinit_array_start = .)
 *(.preinit_array*)
                0x0000000008003cf0                PROVIDE (__preinit_array_end = .)
                0x0000000008003cf0                . = ALIGN (0x4)

.init_array     0x0000000008003cf0        0x4
                0x0000000008003cf0                . = ALIGN (0x4)
                0x0000000008003cf0                PROVIDE (__init_array_start = .)
 *(SORT_BY_NAME(.init_array.*))
 *(.init_array*)
 .init_array    0x0000000008003cf0        0x4 C:/ST/STM32CubeIDE_1.14.0/STM32CubeIDE/plugins/com.st.stm32cube.ide.mcu.externaltools.gnu-tools-for-stm32.11.3.rel1.win32_1.1.100.202309141235/tools/bin/../lib/gcc/arm-none-eabi/11.3.1/thumb/v7e-m+fp/hard/crtbegin.o
                0x0000000008003cf4                PROVIDE (__init_array_end = .)
                0x0000000008003cf4                . = ALIGN (0x4)

.fini_array     0x0000000008003cf4        0x4
                0x0000000008003cf4                . = ALIGN (0x4)
                [!provide]                        PROVIDE (__fini_array_start = .)
 *(SORT_BY_NAME(.fini_array.*))
 *(.fini_array*)
 .fini_array    0x0000000008003cf4        0x4 C:/ST/STM32CubeIDE_1.14.0/STM32CubeIDE/plugins/com.st.stm32cube.ide.mcu.externaltools.gnu-tools-for-stm32.11.3.rel1.win32_1.1.100.202309141235/tools/bin/../lib/gcc/arm-none-eabi/11.3.1/thumb/v7e-m+fp/hard/crtbegin.o
                [!provide]                        PROVIDE (__fini_array_end = .)
                0x0000000008003cf8                . = ALIGN (0x4)
                0x0000000008003cf8                _sidata = LOADADDR (.data)

.data           0x0000000020000000       0x68 load address 0x0000000008003cf8
                0x0000000020000000                . = ALIGN (0x4)
                0x0000000020000000                _sdata = .
 *(.data)
 *(.data*)
 .data.outBufPtr
                0x0000000020000000        0x4 ./Core/Src/TIM.o
 .data.currentThottleMap
                0x0000000020000004       0x58 ./Core/Src/TIM.o
                0x0000000020000004                currentThottleMap
 .data.SystemCoreClock
                0x000000002000005c        0x4 ./Core/Src/system_stm32f4xx.o
                0x000000002000005c                SystemCoreClock
 .data.uwTickPrio
                0x0000000020000060        0x4 ./Drivers/STM32F4xx_HAL_Driver/Src/stm32f4xx_hal.o
                0x0000000020000060                uwTickPrio
 .data.uwTickFreq
                0x0000000020000064        0x1 ./Drivers/STM32F4xx_HAL_Driver/Src/stm32f4xx_hal.o
                0x0000000020000064                uwTickFreq
 *(.RamFunc)
 *(.RamFunc*)
                0x0000000020000068                . = ALIGN (0x4)
 *fill*         0x0000000020000065        0x3 
                0x0000000020000068                _edata = .
                0x0000000008003d60                _siccmram = LOADADDR (.ccmram)

.igot.plt       0x0000000020000068        0x0 load address 0x0000000008003d60
 .igot.plt      0x0000000020000068        0x0 C:/ST/STM32CubeIDE_1.14.0/STM32CubeIDE/plugins/com.st.stm32cube.ide.mcu.externaltools.gnu-tools-for-stm32.11.3.rel1.win32_1.1.100.202309141235/tools/bin/../lib/gcc/arm-none-eabi/11.3.1/thumb/v7e-m+fp/hard/crtbegin.o

.ccmram         0x0000000010000000        0x0 load address 0x0000000008003d60
                0x0000000010000000                . = ALIGN (0x4)
                0x0000000010000000                _sccmram = .
 *(.ccmram)
 *(.ccmram*)
                0x0000000010000000                . = ALIGN (0x4)
                0x0000000010000000                _eccmram = .
                0x0000000010000000                . = ALIGN (0x4)

.bss            0x0000000020000068     0x41a0
                0x0000000020000068                _sbss = .
                0x0000000020000068                __bss_start__ = _sbss
 *(.bss)
 .bss           0x0000000020000068       0x1c C:/ST/STM32CubeIDE_1.14.0/STM32CubeIDE/plugins/com.st.stm32cube.ide.mcu.externaltools.gnu-tools-for-stm32.11.3.rel1.win32_1.1.100.202309141235/tools/bin/../lib/gcc/arm-none-eabi/11.3.1/thumb/v7e-m+fp/hard/crtbegin.o
 *(.bss*)
 .bss.PAG_fault
                0x0000000020000084        0x1 ./Core/Src/PEDAL_PLAUSIBILITY.o
                0x0000000020000084                PAG_fault
 .bss.AAC_fault
                0x0000000020000085        0x1 ./Core/Src/PEDAL_PLAUSIBILITY.o
                0x0000000020000085                AAC_fault
 .bss.dataReadyFlag
                0x0000000020000086        0x1 ./Core/Src/TIM.o
                0x0000000020000086                dataReadyFlag
 *fill*         0x0000000020000087        0x1 
 .bss.adc_buf   0x0000000020000088     0x2000 ./Core/Src/TIM.o
                0x0000000020000088                adc_buf
 .bss.dac_buf   0x0000000020002088     0x2000 ./Core/Src/TIM.o
                0x0000000020002088                dac_buf
 .bss.inBufPtr  0x0000000020004088        0x4 ./Core/Src/TIM.o
 .bss.adcBufferChannel
                0x000000002000408c        0x4 ./Core/Src/TIM.o
                0x000000002000408c                adcBufferChannel
 .bss.hadc1     0x0000000020004090       0x48 ./Core/Src/main.o
                0x0000000020004090                hadc1
 .bss.hdma_adc1
                0x00000000200040d8       0x60 ./Core/Src/main.o
                0x00000000200040d8                hdma_adc1
 .bss.hcan1     0x0000000020004138       0x28 ./Core/Src/main.o
                0x0000000020004138                hcan1
 .bss.hdac      0x0000000020004160       0x14 ./Core/Src/main.o
                0x0000000020004160                hdac
 .bss.htim1     0x0000000020004174       0x48 ./Core/Src/main.o
                0x0000000020004174                htim1
 .bss.htim6     0x00000000200041bc       0x48 ./Core/Src/main.o
                0x00000000200041bc                htim6
 .bss.uwTick    0x0000000020004204        0x4 ./Drivers/STM32F4xx_HAL_Driver/Src/stm32f4xx_hal.o
                0x0000000020004204                uwTick
 *(COMMON)
                0x0000000020004208                . = ALIGN (0x4)
                0x0000000020004208                _ebss = .
                0x0000000020004208                __bss_end__ = _ebss

._user_heap_stack
                0x0000000020004208      0x600
                0x0000000020004208                . = ALIGN (0x8)
                [!provide]                        PROVIDE (end = .)
                0x0000000020004208                PROVIDE (_end = .)
                0x0000000020004408                . = (. + _Min_Heap_Size)
 *fill*         0x0000000020004208      0x200 
                0x0000000020004808                . = (. + _Min_Stack_Size)
 *fill*         0x0000000020004408      0x400 
                0x0000000020004808                . = ALIGN (0x8)

/DISCARD/
 libc.a(*)
 libm.a(*)
 libgcc.a(*)

.ARM.attributes
                0x0000000000000000       0x30
 *(.ARM.attributes)
 .ARM.attributes
                0x0000000000000000       0x1e C:/ST/STM32CubeIDE_1.14.0/STM32CubeIDE/plugins/com.st.stm32cube.ide.mcu.externaltools.gnu-tools-for-stm32.11.3.rel1.win32_1.1.100.202309141235/tools/bin/../lib/gcc/arm-none-eabi/11.3.1/thumb/v7e-m+fp/hard/crti.o
 .ARM.attributes
                0x000000000000001e       0x34 C:/ST/STM32CubeIDE_1.14.0/STM32CubeIDE/plugins/com.st.stm32cube.ide.mcu.externaltools.gnu-tools-for-stm32.11.3.rel1.win32_1.1.100.202309141235/tools/bin/../lib/gcc/arm-none-eabi/11.3.1/thumb/v7e-m+fp/hard/crtbegin.o
 .ARM.attributes
                0x0000000000000052       0x34 ./Core/Src/DRIVER_IO.o
 .ARM.attributes
                0x0000000000000086       0x34 ./Core/Src/PEDAL_PLAUSIBILITY.o
 .ARM.attributes
                0x00000000000000ba       0x34 ./Core/Src/TIM.o
 .ARM.attributes
                0x00000000000000ee       0x34 ./Core/Src/main.o
 .ARM.attributes
                0x0000000000000122       0x34 ./Core/Src/stm32f4xx_hal_msp.o
 .ARM.attributes
                0x0000000000000156       0x34 ./Core/Src/stm32f4xx_it.o
 .ARM.attributes
                0x000000000000018a       0x34 ./Core/Src/system_stm32f4xx.o
 .ARM.attributes
                0x00000000000001be       0x21 ./Core/Startup/startup_stm32f407vgtx.o
 .ARM.attributes
                0x00000000000001df       0x34 ./Drivers/STM32F4xx_HAL_Driver/Src/stm32f4xx_hal.o
 .ARM.attributes
                0x0000000000000213       0x34 ./Drivers/STM32F4xx_HAL_Driver/Src/stm32f4xx_hal_adc.o
 .ARM.attributes
                0x0000000000000247       0x34 ./Drivers/STM32F4xx_HAL_Driver/Src/stm32f4xx_hal_can.o
 .ARM.attributes
                0x000000000000027b       0x34 ./Drivers/STM32F4xx_HAL_Driver/Src/stm32f4xx_hal_cortex.o
 .ARM.attributes
                0x00000000000002af       0x34 ./Drivers/STM32F4xx_HAL_Driver/Src/stm32f4xx_hal_dac.o
 .ARM.attributes
                0x00000000000002e3       0x34 ./Drivers/STM32F4xx_HAL_Driver/Src/stm32f4xx_hal_dma.o
 .ARM.attributes
                0x0000000000000317       0x34 ./Drivers/STM32F4xx_HAL_Driver/Src/stm32f4xx_hal_gpio.o
 .ARM.attributes
                0x000000000000034b       0x34 ./Drivers/STM32F4xx_HAL_Driver/Src/stm32f4xx_hal_rcc.o
 .ARM.attributes
                0x000000000000037f       0x34 ./Drivers/STM32F4xx_HAL_Driver/Src/stm32f4xx_hal_tim.o
 .ARM.attributes
                0x00000000000003b3       0x34 ./Drivers/STM32F4xx_HAL_Driver/Src/stm32f4xx_hal_tim_ex.o
 .ARM.attributes
                0x00000000000003e7       0x34 C:/ST/STM32CubeIDE_1.14.0/STM32CubeIDE/plugins/com.st.stm32cube.ide.mcu.externaltools.gnu-tools-for-stm32.11.3.rel1.win32_1.1.100.202309141235/tools/bin/../lib/gcc/arm-none-eabi/11.3.1/../../../../arm-none-eabi/lib/thumb/v7e-m+fp/hard\libc_nano.a(libc_a-memset.o)
 .ARM.attributes
                0x000000000000041b       0x34 C:/ST/STM32CubeIDE_1.14.0/STM32CubeIDE/plugins/com.st.stm32cube.ide.mcu.externaltools.gnu-tools-for-stm32.11.3.rel1.win32_1.1.100.202309141235/tools/bin/../lib/gcc/arm-none-eabi/11.3.1/../../../../arm-none-eabi/lib/thumb/v7e-m+fp/hard\libc_nano.a(libc_a-init.o)
 .ARM.attributes
                0x000000000000044f       0x1e C:/ST/STM32CubeIDE_1.14.0/STM32CubeIDE/plugins/com.st.stm32cube.ide.mcu.externaltools.gnu-tools-for-stm32.11.3.rel1.win32_1.1.100.202309141235/tools/bin/../lib/gcc/arm-none-eabi/11.3.1/thumb/v7e-m+fp/hard\libgcc.a(_aeabi_uldivmod.o)
 .ARM.attributes
                0x000000000000046d       0x34 C:/ST/STM32CubeIDE_1.14.0/STM32CubeIDE/plugins/com.st.stm32cube.ide.mcu.externaltools.gnu-tools-for-stm32.11.3.rel1.win32_1.1.100.202309141235/tools/bin/../lib/gcc/arm-none-eabi/11.3.1/thumb/v7e-m+fp/hard\libgcc.a(_udivmoddi4.o)
 .ARM.attributes
                0x00000000000004a1       0x1e C:/ST/STM32CubeIDE_1.14.0/STM32CubeIDE/plugins/com.st.stm32cube.ide.mcu.externaltools.gnu-tools-for-stm32.11.3.rel1.win32_1.1.100.202309141235/tools/bin/../lib/gcc/arm-none-eabi/11.3.1/thumb/v7e-m+fp/hard\libgcc.a(_dvmd_tls.o)
 .ARM.attributes
                0x00000000000004bf       0x1e C:/ST/STM32CubeIDE_1.14.0/STM32CubeIDE/plugins/com.st.stm32cube.ide.mcu.externaltools.gnu-tools-for-stm32.11.3.rel1.win32_1.1.100.202309141235/tools/bin/../lib/gcc/arm-none-eabi/11.3.1/thumb/v7e-m+fp/hard/crtn.o
OUTPUT(TIM.elf elf32-littlearm)
LOAD linker stubs
LOAD C:/ST/STM32CubeIDE_1.14.0/STM32CubeIDE/plugins/com.st.stm32cube.ide.mcu.externaltools.gnu-tools-for-stm32.11.3.rel1.win32_1.1.100.202309141235/tools/bin/../lib/gcc/arm-none-eabi/11.3.1/../../../../arm-none-eabi/lib/thumb/v7e-m+fp/hard\libc.a
LOAD C:/ST/STM32CubeIDE_1.14.0/STM32CubeIDE/plugins/com.st.stm32cube.ide.mcu.externaltools.gnu-tools-for-stm32.11.3.rel1.win32_1.1.100.202309141235/tools/bin/../lib/gcc/arm-none-eabi/11.3.1/../../../../arm-none-eabi/lib/thumb/v7e-m+fp/hard\libm.a
LOAD C:/ST/STM32CubeIDE_1.14.0/STM32CubeIDE/plugins/com.st.stm32cube.ide.mcu.externaltools.gnu-tools-for-stm32.11.3.rel1.win32_1.1.100.202309141235/tools/bin/../lib/gcc/arm-none-eabi/11.3.1/thumb/v7e-m+fp/hard\libgcc.a

.comment        0x0000000000000000       0x43
 .comment       0x0000000000000000       0x43 C:/ST/STM32CubeIDE_1.14.0/STM32CubeIDE/plugins/com.st.stm32cube.ide.mcu.externaltools.gnu-tools-for-stm32.11.3.rel1.win32_1.1.100.202309141235/tools/bin/../lib/gcc/arm-none-eabi/11.3.1/thumb/v7e-m+fp/hard/crtbegin.o
                                         0x44 (size before relaxing)
 .comment       0x0000000000000043       0x44 ./Core/Src/DRIVER_IO.o
 .comment       0x0000000000000043       0x44 ./Core/Src/PEDAL_PLAUSIBILITY.o
 .comment       0x0000000000000043       0x44 ./Core/Src/TIM.o
 .comment       0x0000000000000043       0x44 ./Core/Src/main.o
 .comment       0x0000000000000043       0x44 ./Core/Src/stm32f4xx_hal_msp.o
 .comment       0x0000000000000043       0x44 ./Core/Src/stm32f4xx_it.o
 .comment       0x0000000000000043       0x44 ./Core/Src/system_stm32f4xx.o
 .comment       0x0000000000000043       0x44 ./Drivers/STM32F4xx_HAL_Driver/Src/stm32f4xx_hal.o
 .comment       0x0000000000000043       0x44 ./Drivers/STM32F4xx_HAL_Driver/Src/stm32f4xx_hal_adc.o
 .comment       0x0000000000000043       0x44 ./Drivers/STM32F4xx_HAL_Driver/Src/stm32f4xx_hal_can.o
 .comment       0x0000000000000043       0x44 ./Drivers/STM32F4xx_HAL_Driver/Src/stm32f4xx_hal_cortex.o
 .comment       0x0000000000000043       0x44 ./Drivers/STM32F4xx_HAL_Driver/Src/stm32f4xx_hal_dac.o
 .comment       0x0000000000000043       0x44 ./Drivers/STM32F4xx_HAL_Driver/Src/stm32f4xx_hal_dma.o
 .comment       0x0000000000000043       0x44 ./Drivers/STM32F4xx_HAL_Driver/Src/stm32f4xx_hal_gpio.o
 .comment       0x0000000000000043       0x44 ./Drivers/STM32F4xx_HAL_Driver/Src/stm32f4xx_hal_rcc.o
 .comment       0x0000000000000043       0x44 ./Drivers/STM32F4xx_HAL_Driver/Src/stm32f4xx_hal_tim.o
 .comment       0x0000000000000043       0x44 ./Drivers/STM32F4xx_HAL_Driver/Src/stm32f4xx_hal_tim_ex.o

.debug_info     0x0000000000000000     0xd8aa
 .debug_info    0x0000000000000000      0x185 ./Core/Src/DRIVER_IO.o
 .debug_info    0x0000000000000185      0x18a ./Core/Src/PEDAL_PLAUSIBILITY.o
 .debug_info    0x000000000000030f      0xc0f ./Core/Src/TIM.o
 .debug_info    0x0000000000000f1e     0x1a57 ./Core/Src/main.o
 .debug_info    0x0000000000002975     0x13a7 ./Core/Src/stm32f4xx_hal_msp.o
 .debug_info    0x0000000000003d1c      0x3e3 ./Core/Src/stm32f4xx_it.o
 .debug_info    0x00000000000040ff      0x512 ./Core/Src/system_stm32f4xx.o
 .debug_info    0x0000000000004611       0x23 ./Core/Startup/startup_stm32f407vgtx.o
 .debug_info    0x0000000000004634      0x948 ./Drivers/STM32F4xx_HAL_Driver/Src/stm32f4xx_hal.o
 .debug_info    0x0000000000004f7c      0xcd4 ./Drivers/STM32F4xx_HAL_Driver/Src/stm32f4xx_hal_adc.o
 .debug_info    0x0000000000005c50      0xf03 ./Drivers/STM32F4xx_HAL_Driver/Src/stm32f4xx_hal_can.o
 .debug_info    0x0000000000006b53      0xd46 ./Drivers/STM32F4xx_HAL_Driver/Src/stm32f4xx_hal_cortex.o
 .debug_info    0x0000000000007899      0x9c0 ./Drivers/STM32F4xx_HAL_Driver/Src/stm32f4xx_hal_dac.o
 .debug_info    0x0000000000008259      0x8e7 ./Drivers/STM32F4xx_HAL_Driver/Src/stm32f4xx_hal_dma.o
 .debug_info    0x0000000000008b40      0x6c3 ./Drivers/STM32F4xx_HAL_Driver/Src/stm32f4xx_hal_gpio.o
 .debug_info    0x0000000000009203      0x8b1 ./Drivers/STM32F4xx_HAL_Driver/Src/stm32f4xx_hal_rcc.o
 .debug_info    0x0000000000009ab4     0x2948 ./Drivers/STM32F4xx_HAL_Driver/Src/stm32f4xx_hal_tim.o
 .debug_info    0x000000000000c3fc     0x14ae ./Drivers/STM32F4xx_HAL_Driver/Src/stm32f4xx_hal_tim_ex.o

.debug_abbrev   0x0000000000000000     0x23f4
 .debug_abbrev  0x0000000000000000       0xe7 ./Core/Src/DRIVER_IO.o
 .debug_abbrev  0x00000000000000e7       0xd0 ./Core/Src/PEDAL_PLAUSIBILITY.o
 .debug_abbrev  0x00000000000001b7      0x266 ./Core/Src/TIM.o
 .debug_abbrev  0x000000000000041d      0x2ff ./Core/Src/main.o
 .debug_abbrev  0x000000000000071c      0x29b ./Core/Src/stm32f4xx_hal_msp.o
 .debug_abbrev  0x00000000000009b7      0x17e ./Core/Src/stm32f4xx_it.o
 .debug_abbrev  0x0000000000000b35      0x11a ./Core/Src/system_stm32f4xx.o
 .debug_abbrev  0x0000000000000c4f       0x12 ./Core/Startup/startup_stm32f407vgtx.o
 .debug_abbrev  0x0000000000000c61      0x213 ./Drivers/STM32F4xx_HAL_Driver/Src/stm32f4xx_hal.o
 .debug_abbrev  0x0000000000000e74      0x252 ./Drivers/STM32F4xx_HAL_Driver/Src/stm32f4xx_hal_adc.o
 .debug_abbrev  0x00000000000010c6      0x239 ./Drivers/STM32F4xx_HAL_Driver/Src/stm32f4xx_hal_can.o
 .debug_abbrev  0x00000000000012ff      0x327 ./Drivers/STM32F4xx_HAL_Driver/Src/stm32f4xx_hal_cortex.o
 .debug_abbrev  0x0000000000001626      0x1f3 ./Drivers/STM32F4xx_HAL_Driver/Src/stm32f4xx_hal_dac.o
 .debug_abbrev  0x0000000000001819      0x264 ./Drivers/STM32F4xx_HAL_Driver/Src/stm32f4xx_hal_dma.o
 .debug_abbrev  0x0000000000001a7d      0x1d4 ./Drivers/STM32F4xx_HAL_Driver/Src/stm32f4xx_hal_gpio.o
 .debug_abbrev  0x0000000000001c51      0x2b6 ./Drivers/STM32F4xx_HAL_Driver/Src/stm32f4xx_hal_rcc.o
 .debug_abbrev  0x0000000000001f07      0x271 ./Drivers/STM32F4xx_HAL_Driver/Src/stm32f4xx_hal_tim.o
 .debug_abbrev  0x0000000000002178      0x27c ./Drivers/STM32F4xx_HAL_Driver/Src/stm32f4xx_hal_tim_ex.o

.debug_aranges  0x0000000000000000      0xdb8
 .debug_aranges
                0x0000000000000000       0x20 ./Core/Src/DRIVER_IO.o
 .debug_aranges
                0x0000000000000020       0x28 ./Core/Src/PEDAL_PLAUSIBILITY.o
 .debug_aranges
                0x0000000000000048       0x58 ./Core/Src/TIM.o
 .debug_aranges
                0x00000000000000a0       0x68 ./Core/Src/main.o
 .debug_aranges
                0x0000000000000108       0x60 ./Core/Src/stm32f4xx_hal_msp.o
 .debug_aranges
                0x0000000000000168       0x70 ./Core/Src/stm32f4xx_it.o
 .debug_aranges
                0x00000000000001d8       0x28 ./Core/Src/system_stm32f4xx.o
 .debug_aranges
                0x0000000000000200       0x28 ./Core/Startup/startup_stm32f407vgtx.o
 .debug_aranges
                0x0000000000000228       0xf0 ./Drivers/STM32F4xx_HAL_Driver/Src/stm32f4xx_hal.o
 .debug_aranges
                0x0000000000000318       0xe8 ./Drivers/STM32F4xx_HAL_Driver/Src/stm32f4xx_hal_adc.o
 .debug_aranges
                0x0000000000000400      0x138 ./Drivers/STM32F4xx_HAL_Driver/Src/stm32f4xx_hal_can.o
 .debug_aranges
                0x0000000000000538      0x118 ./Drivers/STM32F4xx_HAL_Driver/Src/stm32f4xx_hal_cortex.o
 .debug_aranges
                0x0000000000000650       0xc0 ./Drivers/STM32F4xx_HAL_Driver/Src/stm32f4xx_hal_dac.o
 .debug_aranges
                0x0000000000000710       0x90 ./Drivers/STM32F4xx_HAL_Driver/Src/stm32f4xx_hal_dma.o
 .debug_aranges
                0x00000000000007a0       0x58 ./Drivers/STM32F4xx_HAL_Driver/Src/stm32f4xx_hal_gpio.o
 .debug_aranges
                0x00000000000007f8       0x88 ./Drivers/STM32F4xx_HAL_Driver/Src/stm32f4xx_hal_rcc.o
 .debug_aranges
                0x0000000000000880      0x3d0 ./Drivers/STM32F4xx_HAL_Driver/Src/stm32f4xx_hal_tim.o
 .debug_aranges
                0x0000000000000c50      0x168 ./Drivers/STM32F4xx_HAL_Driver/Src/stm32f4xx_hal_tim_ex.o

.debug_rnglists
                0x0000000000000000      0xa87
 .debug_rnglists
                0x0000000000000000       0x13 ./Core/Src/DRIVER_IO.o
 .debug_rnglists
                0x0000000000000013       0x1a ./Core/Src/PEDAL_PLAUSIBILITY.o
 .debug_rnglists
                0x000000000000002d       0x40 ./Core/Src/TIM.o
 .debug_rnglists
                0x000000000000006d       0x4e ./Core/Src/main.o
 .debug_rnglists
                0x00000000000000bb       0x46 ./Core/Src/stm32f4xx_hal_msp.o
 .debug_rnglists
                0x0000000000000101       0x4f ./Core/Src/stm32f4xx_it.o
 .debug_rnglists
                0x0000000000000150       0x1a ./Core/Src/system_stm32f4xx.o
 .debug_rnglists
                0x000000000000016a       0x19 ./Core/Startup/startup_stm32f407vgtx.o
 .debug_rnglists
                0x0000000000000183       0xaf ./Drivers/STM32F4xx_HAL_Driver/Src/stm32f4xx_hal.o
 .debug_rnglists
                0x0000000000000232       0xb5 ./Drivers/STM32F4xx_HAL_Driver/Src/stm32f4xx_hal_adc.o
 .debug_rnglists
                0x00000000000002e7       0xee ./Drivers/STM32F4xx_HAL_Driver/Src/stm32f4xx_hal_can.o
 .debug_rnglists
                0x00000000000003d5       0xce ./Drivers/STM32F4xx_HAL_Driver/Src/stm32f4xx_hal_cortex.o
 .debug_rnglists
                0x00000000000004a3       0x90 ./Drivers/STM32F4xx_HAL_Driver/Src/stm32f4xx_hal_dac.o
 .debug_rnglists
                0x0000000000000533       0x70 ./Drivers/STM32F4xx_HAL_Driver/Src/stm32f4xx_hal_dma.o
 .debug_rnglists
                0x00000000000005a3       0x3f ./Drivers/STM32F4xx_HAL_Driver/Src/stm32f4xx_hal_gpio.o
 .debug_rnglists
                0x00000000000005e2       0x66 ./Drivers/STM32F4xx_HAL_Driver/Src/stm32f4xx_hal_rcc.o
 .debug_rnglists
                0x0000000000000648      0x31a ./Drivers/STM32F4xx_HAL_Driver/Src/stm32f4xx_hal_tim.o
 .debug_rnglists
                0x0000000000000962      0x125 ./Drivers/STM32F4xx_HAL_Driver/Src/stm32f4xx_hal_tim_ex.o

.debug_macro    0x0000000000000000    0x23001
 .debug_macro   0x0000000000000000      0x21d ./Core/Src/DRIVER_IO.o
 .debug_macro   0x000000000000021d      0xaa8 ./Core/Src/DRIVER_IO.o
 .debug_macro   0x0000000000000cc5      0x2a7 ./Core/Src/DRIVER_IO.o
 .debug_macro   0x0000000000000f6c       0x2e ./Core/Src/DRIVER_IO.o
 .debug_macro   0x0000000000000f9a       0x2f ./Core/Src/DRIVER_IO.o
 .debug_macro   0x0000000000000fc9       0x22 ./Core/Src/DRIVER_IO.o
 .debug_macro   0x0000000000000feb       0x8e ./Core/Src/DRIVER_IO.o
 .debug_macro   0x0000000000001079       0x51 ./Core/Src/DRIVER_IO.o
 .debug_macro   0x00000000000010ca      0x103 ./Core/Src/DRIVER_IO.o
 .debug_macro   0x00000000000011cd       0x6a ./Core/Src/DRIVER_IO.o
 .debug_macro   0x0000000000001237      0x1df ./Core/Src/DRIVER_IO.o
 .debug_macro   0x0000000000001416       0x1c ./Core/Src/DRIVER_IO.o
 .debug_macro   0x0000000000001432       0x22 ./Core/Src/DRIVER_IO.o
 .debug_macro   0x0000000000001454       0xd9 ./Core/Src/DRIVER_IO.o
 .debug_macro   0x000000000000152d     0x102d ./Core/Src/DRIVER_IO.o
 .debug_macro   0x000000000000255a      0x11f ./Core/Src/DRIVER_IO.o
 .debug_macro   0x0000000000002679    0x15e82 ./Core/Src/DRIVER_IO.o
 .debug_macro   0x00000000000184fb       0x6d ./Core/Src/DRIVER_IO.o
 .debug_macro   0x0000000000018568     0x367e ./Core/Src/DRIVER_IO.o
 .debug_macro   0x000000000001bbe6      0x174 ./Core/Src/DRIVER_IO.o
 .debug_macro   0x000000000001bd5a       0x5c ./Core/Src/DRIVER_IO.o
 .debug_macro   0x000000000001bdb6      0x96b ./Core/Src/DRIVER_IO.o
 .debug_macro   0x000000000001c721      0x9fe ./Core/Src/DRIVER_IO.o
 .debug_macro   0x000000000001d11f      0x115 ./Core/Src/DRIVER_IO.o
 .debug_macro   0x000000000001d234      0x13e ./Core/Src/DRIVER_IO.o
 .debug_macro   0x000000000001d372       0xa5 ./Core/Src/DRIVER_IO.o
 .debug_macro   0x000000000001d417      0x174 ./Core/Src/DRIVER_IO.o
 .debug_macro   0x000000000001d58b      0x287 ./Core/Src/DRIVER_IO.o
 .debug_macro   0x000000000001d812       0x5f ./Core/Src/DRIVER_IO.o
 .debug_macro   0x000000000001d871      0x236 ./Core/Src/DRIVER_IO.o
 .debug_macro   0x000000000001daa7      0xb5b ./Core/Src/DRIVER_IO.o
 .debug_macro   0x000000000001e602      0x38b ./Core/Src/DRIVER_IO.o
 .debug_macro   0x000000000001e98d      0x176 ./Core/Src/DRIVER_IO.o
 .debug_macro   0x000000000001eb03       0xf9 ./Core/Src/DRIVER_IO.o
 .debug_macro   0x000000000001ebfc      0x40f ./Core/Src/DRIVER_IO.o
 .debug_macro   0x000000000001f00b      0x122 ./Core/Src/DRIVER_IO.o
 .debug_macro   0x000000000001f12d       0xa6 ./Core/Src/DRIVER_IO.o
 .debug_macro   0x000000000001f1d3      0x12c ./Core/Src/DRIVER_IO.o
 .debug_macro   0x000000000001f2ff      0x21e ./Core/Src/DRIVER_IO.o
 .debug_macro   0x000000000001f51d       0x2e ./Core/Src/DRIVER_IO.o
 .debug_macro   0x000000000001f54b      0x11a ./Core/Src/DRIVER_IO.o
 .debug_macro   0x000000000001f665       0x7e ./Core/Src/DRIVER_IO.o
 .debug_macro   0x000000000001f6e3       0x89 ./Core/Src/DRIVER_IO.o
 .debug_macro   0x000000000001f76c      0x8e6 ./Core/Src/DRIVER_IO.o
 .debug_macro   0x0000000000020052       0x47 ./Core/Src/DRIVER_IO.o
 .debug_macro   0x0000000000020099      0x12d ./Core/Src/DRIVER_IO.o
 .debug_macro   0x00000000000201c6       0x22 ./Core/Src/DRIVER_IO.o
 .debug_macro   0x00000000000201e8      0x2ee ./Core/Src/PEDAL_PLAUSIBILITY.o
 .debug_macro   0x00000000000204d6       0x2a ./Core/Src/PEDAL_PLAUSIBILITY.o
 .debug_macro   0x0000000000020500       0x61 ./Core/Src/PEDAL_PLAUSIBILITY.o
 .debug_macro   0x0000000000020561       0x43 ./Core/Src/PEDAL_PLAUSIBILITY.o
 .debug_macro   0x00000000000205a4       0x34 ./Core/Src/PEDAL_PLAUSIBILITY.o
 .debug_macro   0x00000000000205d8       0x16 ./Core/Src/PEDAL_PLAUSIBILITY.o
 .debug_macro   0x00000000000205ee       0x35 ./Core/Src/PEDAL_PLAUSIBILITY.o
 .debug_macro   0x0000000000020623       0x16 ./Core/Src/PEDAL_PLAUSIBILITY.o
 .debug_macro   0x0000000000020639       0x43 ./Core/Src/PEDAL_PLAUSIBILITY.o
 .debug_macro   0x000000000002067c       0x34 ./Core/Src/PEDAL_PLAUSIBILITY.o
 .debug_macro   0x00000000000206b0       0x10 ./Core/Src/PEDAL_PLAUSIBILITY.o
 .debug_macro   0x00000000000206c0       0x58 ./Core/Src/PEDAL_PLAUSIBILITY.o
 .debug_macro   0x0000000000020718       0x8e ./Core/Src/PEDAL_PLAUSIBILITY.o
 .debug_macro   0x00000000000207a6       0x1c ./Core/Src/PEDAL_PLAUSIBILITY.o
 .debug_macro   0x00000000000207c2      0x177 ./Core/Src/PEDAL_PLAUSIBILITY.o
 .debug_macro   0x0000000000020939      0x369 ./Core/Src/PEDAL_PLAUSIBILITY.o
 .debug_macro   0x0000000000020ca2       0x16 ./Core/Src/PEDAL_PLAUSIBILITY.o
 .debug_macro   0x0000000000020cb8       0x29 ./Core/Src/PEDAL_PLAUSIBILITY.o
 .debug_macro   0x0000000000020ce1       0x1c ./Core/Src/PEDAL_PLAUSIBILITY.o
 .debug_macro   0x0000000000020cfd      0x2fd ./Core/Src/TIM.o
 .debug_macro   0x0000000000020ffa       0x22 ./Core/Src/TIM.o
 .debug_macro   0x000000000002101c      0x316 ./Core/Src/main.o
 .debug_macro   0x0000000000021332      0x18a ./Core/Src/main.o
 .debug_macro   0x00000000000214bc      0x219 ./Core/Src/stm32f4xx_hal_msp.o
 .debug_macro   0x00000000000216d5      0x223 ./Core/Src/stm32f4xx_it.o
 .debug_macro   0x00000000000218f8      0x20a ./Core/Src/system_stm32f4xx.o
 .debug_macro   0x0000000000021b02      0x26a ./Drivers/STM32F4xx_HAL_Driver/Src/stm32f4xx_hal.o
 .debug_macro   0x0000000000021d6c      0x20b ./Drivers/STM32F4xx_HAL_Driver/Src/stm32f4xx_hal_adc.o
 .debug_macro   0x0000000000021f77      0x212 ./Drivers/STM32F4xx_HAL_Driver/Src/stm32f4xx_hal_can.o
 .debug_macro   0x0000000000022189      0x20a ./Drivers/STM32F4xx_HAL_Driver/Src/stm32f4xx_hal_cortex.o
 .debug_macro   0x0000000000022393      0x20b ./Drivers/STM32F4xx_HAL_Driver/Src/stm32f4xx_hal_dac.o
 .debug_macro   0x000000000002259e      0x210 ./Drivers/STM32F4xx_HAL_Driver/Src/stm32f4xx_hal_dma.o
 .debug_macro   0x00000000000227ae      0x210 ./Drivers/STM32F4xx_HAL_Driver/Src/stm32f4xx_hal_gpio.o
 .debug_macro   0x00000000000229be      0x22e ./Drivers/STM32F4xx_HAL_Driver/Src/stm32f4xx_hal_rcc.o
 .debug_macro   0x0000000000022bec      0x20b ./Drivers/STM32F4xx_HAL_Driver/Src/stm32f4xx_hal_tim.o
 .debug_macro   0x0000000000022df7      0x20a ./Drivers/STM32F4xx_HAL_Driver/Src/stm32f4xx_hal_tim_ex.o

.debug_line     0x0000000000000000    0x10919
 .debug_line    0x0000000000000000      0x7d5 ./Core/Src/DRIVER_IO.o
 .debug_line    0x00000000000007d5      0x9a7 ./Core/Src/PEDAL_PLAUSIBILITY.o
 .debug_line    0x000000000000117c      0xad6 ./Core/Src/TIM.o
 .debug_line    0x0000000000001c52      0xc5b ./Core/Src/main.o
 .debug_line    0x00000000000028ad      0x921 ./Core/Src/stm32f4xx_hal_msp.o
 .debug_line    0x00000000000031ce      0x8b8 ./Core/Src/stm32f4xx_it.o
 .debug_line    0x0000000000003a86      0x847 ./Core/Src/system_stm32f4xx.o
 .debug_line    0x00000000000042cd       0x7a ./Core/Startup/startup_stm32f407vgtx.o
 .debug_line    0x0000000000004347      0xaad ./Drivers/STM32F4xx_HAL_Driver/Src/stm32f4xx_hal.o
 .debug_line    0x0000000000004df4     0x1317 ./Drivers/STM32F4xx_HAL_Driver/Src/stm32f4xx_hal_adc.o
 .debug_line    0x000000000000610b     0x1219 ./Drivers/STM32F4xx_HAL_Driver/Src/stm32f4xx_hal_can.o
 .debug_line    0x0000000000007324      0xd5c ./Drivers/STM32F4xx_HAL_Driver/Src/stm32f4xx_hal_cortex.o
 .debug_line    0x0000000000008080      0xbfe ./Drivers/STM32F4xx_HAL_Driver/Src/stm32f4xx_hal_dac.o
 .debug_line    0x0000000000008c7e     0x1011 ./Drivers/STM32F4xx_HAL_Driver/Src/stm32f4xx_hal_dma.o
 .debug_line    0x0000000000009c8f      0xc21 ./Drivers/STM32F4xx_HAL_Driver/Src/stm32f4xx_hal_gpio.o
 .debug_line    0x000000000000a8b0      0xe26 ./Drivers/STM32F4xx_HAL_Driver/Src/stm32f4xx_hal_rcc.o
 .debug_line    0x000000000000b6d6     0x3799 ./Drivers/STM32F4xx_HAL_Driver/Src/stm32f4xx_hal_tim.o
 .debug_line    0x000000000000ee6f     0x1aaa ./Drivers/STM32F4xx_HAL_Driver/Src/stm32f4xx_hal_tim_ex.o

.debug_str      0x0000000000000000    0xd9038
 .debug_str     0x0000000000000000    0xd1289 ./Core/Src/DRIVER_IO.o
                                      0xd1503 (size before relaxing)
 .debug_str     0x00000000000d1289     0x3302 ./Core/Src/PEDAL_PLAUSIBILITY.o
                                      0xd477a (size before relaxing)
 .debug_str     0x00000000000d458b      0x772 ./Core/Src/TIM.o
                                      0xd4f3c (size before relaxing)
 .debug_str     0x00000000000d4cfd     0x14b4 ./Core/Src/main.o
                                      0xd6291 (size before relaxing)
 .debug_str     0x00000000000d61b1      0x11b ./Core/Src/stm32f4xx_hal_msp.o
                                      0xd2741 (size before relaxing)
 .debug_str     0x00000000000d62cc      0x11e ./Core/Src/stm32f4xx_it.o
                                      0xd1dfa (size before relaxing)
 .debug_str     0x00000000000d63ea       0xdb ./Core/Src/system_stm32f4xx.o
                                      0xd1603 (size before relaxing)
 .debug_str     0x00000000000d64c5       0x34 ./Core/Startup/startup_stm32f407vgtx.o
                                         0x65 (size before relaxing)
 .debug_str     0x00000000000d64f9      0x5ee ./Drivers/STM32F4xx_HAL_Driver/Src/stm32f4xx_hal.o
                                      0xd2187 (size before relaxing)
 .debug_str     0x00000000000d6ae7      0x28b ./Drivers/STM32F4xx_HAL_Driver/Src/stm32f4xx_hal_adc.o
                                      0xd1bf0 (size before relaxing)
 .debug_str     0x00000000000d6d72      0x56e ./Drivers/STM32F4xx_HAL_Driver/Src/stm32f4xx_hal_can.o
                                      0xd1cef (size before relaxing)
 .debug_str     0x00000000000d72e0      0x33f ./Drivers/STM32F4xx_HAL_Driver/Src/stm32f4xx_hal_cortex.o
                                      0xd1eba (size before relaxing)
 .debug_str     0x00000000000d761f      0x1d6 ./Drivers/STM32F4xx_HAL_Driver/Src/stm32f4xx_hal_dac.o
                                      0xd1a75 (size before relaxing)
 .debug_str     0x00000000000d77f5      0x2c7 ./Drivers/STM32F4xx_HAL_Driver/Src/stm32f4xx_hal_dma.o
                                      0xd1a1d (size before relaxing)
 .debug_str     0x00000000000d7abc       0xd5 ./Drivers/STM32F4xx_HAL_Driver/Src/stm32f4xx_hal_gpio.o
                                      0xd177e (size before relaxing)
 .debug_str     0x00000000000d7b91      0x233 ./Drivers/STM32F4xx_HAL_Driver/Src/stm32f4xx_hal_rcc.o
                                      0xd1a37 (size before relaxing)
 .debug_str     0x00000000000d7dc4      0xde1 ./Drivers/STM32F4xx_HAL_Driver/Src/stm32f4xx_hal_tim.o
                                      0xd297d (size before relaxing)
 .debug_str     0x00000000000d8ba5      0x493 ./Drivers/STM32F4xx_HAL_Driver/Src/stm32f4xx_hal_tim_ex.o
                                      0xd2199 (size before relaxing)

.debug_frame    0x0000000000000000     0x3948
 .debug_frame   0x0000000000000000       0x34 ./Core/Src/DRIVER_IO.o
 .debug_frame   0x0000000000000034       0x60 ./Core/Src/PEDAL_PLAUSIBILITY.o
 .debug_frame   0x0000000000000094      0x148 ./Core/Src/TIM.o
 .debug_frame   0x00000000000001dc      0x164 ./Core/Src/main.o
 .debug_frame   0x0000000000000340      0x15c ./Core/Src/stm32f4xx_hal_msp.o
 .debug_frame   0x000000000000049c      0x13c ./Core/Src/stm32f4xx_it.o
 .debug_frame   0x00000000000005d8       0x58 ./Core/Src/system_stm32f4xx.o
 .debug_frame   0x0000000000000630      0x374 ./Drivers/STM32F4xx_HAL_Driver/Src/stm32f4xx_hal.o
 .debug_frame   0x00000000000009a4      0x3fc ./Drivers/STM32F4xx_HAL_Driver/Src/stm32f4xx_hal_adc.o
 .debug_frame   0x0000000000000da0      0x5a0 ./Drivers/STM32F4xx_HAL_Driver/Src/stm32f4xx_hal_can.o
 .debug_frame   0x0000000000001340      0x498 ./Drivers/STM32F4xx_HAL_Driver/Src/stm32f4xx_hal_cortex.o
 .debug_frame   0x00000000000017d8      0x338 ./Drivers/STM32F4xx_HAL_Driver/Src/stm32f4xx_hal_dac.o
 .debug_frame   0x0000000000001b10      0x250 ./Drivers/STM32F4xx_HAL_Driver/Src/stm32f4xx_hal_dma.o
 .debug_frame   0x0000000000001d60      0x14c ./Drivers/STM32F4xx_HAL_Driver/Src/stm32f4xx_hal_gpio.o
 .debug_frame   0x0000000000001eac      0x1f4 ./Drivers/STM32F4xx_HAL_Driver/Src/stm32f4xx_hal_rcc.o
 .debug_frame   0x00000000000020a0     0x11c4 ./Drivers/STM32F4xx_HAL_Driver/Src/stm32f4xx_hal_tim.o
 .debug_frame   0x0000000000003264      0x638 ./Drivers/STM32F4xx_HAL_Driver/Src/stm32f4xx_hal_tim_ex.o
 .debug_frame   0x000000000000389c       0x20 C:/ST/STM32CubeIDE_1.14.0/STM32CubeIDE/plugins/com.st.stm32cube.ide.mcu.externaltools.gnu-tools-for-stm32.11.3.rel1.win32_1.1.100.202309141235/tools/bin/../lib/gcc/arm-none-eabi/11.3.1/../../../../arm-none-eabi/lib/thumb/v7e-m+fp/hard\libc_nano.a(libc_a-memset.o)
 .debug_frame   0x00000000000038bc       0x2c C:/ST/STM32CubeIDE_1.14.0/STM32CubeIDE/plugins/com.st.stm32cube.ide.mcu.externaltools.gnu-tools-for-stm32.11.3.rel1.win32_1.1.100.202309141235/tools/bin/../lib/gcc/arm-none-eabi/11.3.1/../../../../arm-none-eabi/lib/thumb/v7e-m+fp/hard\libc_nano.a(libc_a-init.o)
 .debug_frame   0x00000000000038e8       0x2c C:/ST/STM32CubeIDE_1.14.0/STM32CubeIDE/plugins/com.st.stm32cube.ide.mcu.externaltools.gnu-tools-for-stm32.11.3.rel1.win32_1.1.100.202309141235/tools/bin/../lib/gcc/arm-none-eabi/11.3.1/thumb/v7e-m+fp/hard\libgcc.a(_aeabi_uldivmod.o)
 .debug_frame   0x0000000000003914       0x34 C:/ST/STM32CubeIDE_1.14.0/STM32CubeIDE/plugins/com.st.stm32cube.ide.mcu.externaltools.gnu-tools-for-stm32.11.3.rel1.win32_1.1.100.202309141235/tools/bin/../lib/gcc/arm-none-eabi/11.3.1/thumb/v7e-m+fp/hard\libgcc.a(_udivmoddi4.o)

.debug_line_str
                0x0000000000000000       0x59
 .debug_line_str
                0x0000000000000000       0x59 ./Core/Startup/startup_stm32f407vgtx.o
                                         0x71 (size before relaxing)
